Example 'Traffic light' doesn't have description.
Example 'Multi-declarations' doesn't have description.
Example 'Data classes' doesn't have description.
Example 'Data classes2' doesn't have description.
Example 'Multi-declarations2' doesn't have description.
Example 'lost example' doesn't have description.